{
    "type": "tuple",
    "subtype": [
        "string",
        "tuple<string;int>"
    ],
    "optional": true,
    "name": "test"
}
