{
    "type": "tuple",
    "subtype": [
        "string",
        "tuple<string;int>"
    ],
    "optional": false,
    "name": null
}
