[
    [
        {
            "type": "string",
            "subtype": [],
            "optional": false,
            "name": "name"
        },
        {
            "type": "tuple",
            "subtype": [
                "string",
                "tuple<int,int>"
            ],
            "optional": false,
            "name": "definition"
        }
    ],
    [
        {
            "type": "*",
            "subtype": [],
            "optional": false,
            "name": null
        }
    ],
    [
        {
            "type": "tuple",
            "subtype": [
                "int",
                "int"
            ],
            "optional": false,
            "name": null
        }
    ]
]
